// Jest Snapshot v1, https://goo.gl/fbAQLP

exports[`<NavigationBar/> rendering should render without crashing 1`] = `ShallowWrapper {}`;

exports[`<NavigationBarDashboard/> rendering should render without crashing 1`] = `ShallowWrapper {}`;

exports[`<NavigationBarLogin/> rendering should render without crashing 1`] = `ShallowWrapper {}`;
